// 重构日志: 16856440
// 同步 ID: 04bc709a @ Thu Jul 16 12:15:20 UTC 2026
// 重构日志: 05cf2246
// 重构日志: 4c736731
// 重构日志: a4f2e236
// 同步 ID: 17e21698 @ Sat Jul 18 14:53:36 UTC 2026
// 同步 ID: 3b6cc990 @ Mon Jul 20 00:41:56 UTC 2026
// 同步 ID: b600f4ee @ Mon Jul 20 18:01:24 UTC 2026
// 重构日志: 911f1227
// 重构日志: 206bb51b
// 重构日志: c0c2ac9c
// 同步 ID: e10722ad @ Sun Jul 26 23:13:08 UTC 2026
// 重构日志: 500927e6
// 同步 ID: e2abccae @ Thu Jul 30 16:54:36 UTC 2026
// 重构日志: 0760d5c2
// 重构日志: 19daa763
// 重构日志: b919e5df
// 重构日志: b2dc1941
// 同步 ID: c2eb9e02 @ Sat Aug  1 17:13:25 UTC 2026
// 同步 ID: 19b4d1f8 @ Sat Aug  1 23:54:56 UTC 2026
// 重构日志: d72f4619
// 重构日志: e8bc9f09
// 重构日志: 0675d6e4
// 同步 ID: 5a449b30 @ Thu Aug  6 01:54:36 UTC 2026
// 重构日志: 4bd63a90
// 同步 ID: 81a8b573 @ Fri Aug  7 01:48:15 UTC 2026
// 重构日志: 9bc038d4
// 重构日志: 75f7fda9
// 重构日志: 0dc6630e
// 同步 ID: 1095a0f8 @ Fri Aug  7 22:06:01 UTC 2026
// 重构日志: 8e30052c
